// Jest Snapshot v1, https://goo.gl/fbAQLP

exports[`Navigation matches snapshot 1`] = `
<DocumentFragment>
  <nav
    class="navigation"
  >
    <ul>
      <li>
        <a
          data-discover="true"
          href="/home"
        >
          Home
        </a>
      </li>
      <li>
        <a
          data-discover="true"
          href="/about"
        >
          About
        </a>
      </li>
      <li>
        <a
          data-discover="true"
          href="/contact"
        >
          Contact
        </a>
      </li>
    </ul>
  </nav>
</DocumentFragment>
`;
